// Jest Snapshot v1, https://goo.gl/fbAQLP

exports[`actionTypes matches the current actionTypes snapshot 1`] = `
Object {
  "EDITOR_DISABLE_WRITING": "EDITOR_DISABLE_WRITING",
  "EDITOR_EDIT_BODY": "EDITOR_EDIT_BODY",
  "EDITOR_EDIT_CLEAR": "EDITOR_EDIT_CLEAR",
  "EDITOR_EDIT_TITLE": "EDITOR_EDIT_TITLE",
  "EDITOR_ENABLE_WRITING": "EDITOR_ENABLE_WRITING",
  "FETCH_CREATE_IDEA": "FETCH_CREATE_IDEA",
  "FETCH_DELETE_IDEA": "FETCH_DELETE_IDEA",
  "FETCH_GET_ALL_IDEAS": "FETCH_GET_ALL_IDEAS",
  "FETCH_UPDATE_IDEA": "FETCH_UPDATE_IDEA",
  "RECEIVE_ALL_IDEAS": "RECEIVE_ALL_IDEAS",
  "RECEIVE_DELETED_IDEA": "RECEIVE_DELETED_IDEA",
  "RECEIVE_NEW_IDEA": "RECEIVE_NEW_IDEA",
  "RECEIVE_UPDATED_IDEA": "RECEIVE_UPDATED_IDEA",
  "REQUEST_CREATE_FAILURE": "REQUEST_CREATE_FAILURE",
  "REQUEST_CREATE_SUCCESS": "REQUEST_CREATE_SUCCESS",
  "REQUEST_DELETE_FAILURE": "REQUEST_DELETE_FAILURE",
  "REQUEST_DELETE_SUCCESS": "REQUEST_DELETE_SUCCESS",
  "REQUEST_GET_ALL_FAILURE": "REQUEST_GET_ALL_FAILURE",
  "REQUEST_GET_ALL_SUCCESS": "REQUEST_GET_ALL_SUCCESS",
  "REQUEST_UPDATE_FAILURE": "REQUEST_UPDATE_FAILURE",
  "REQUEST_UPDATE_SUCCESS": "REQUEST_UPDATE_SUCCESS",
}
`;
